[01:23:44] [ServerMain/INFO]: [bootstrap] Running Java 21 (OpenJDK 64-Bit Server VM 21.0.8+9-Ubuntu-0ubuntu124.04.1; Ubuntu null) on Linux 6.8.0-1030-azure (amd64)
[01:23:44] [ServerMain/INFO]: [bootstrap] Loading Paper 1.21.8-6-main@782ce95 (2025-07-18T20:26:58Z) for Minecraft 1.21.8
[01:23:44] [ServerMain/INFO]: [PluginInitializerManager] Initializing plugins...
[01:23:46] [ServerMain/INFO]: [PluginInitializerManager] Initialized 3 plugins
[01:23:46] [ServerMain/INFO]: [PluginInitializerManager] Bukkit plugins (3):
 - DayCounter (2.1), OpenInv (4.4.1), ViaVersion (5.5.2-SNAPSHOT)
[01:23:54] [ServerMain/INFO]: Environment: Environment[sessionHost=https://sessionserver.mojang.com, servicesHost=https://api.minecraftservices.com, name=PROD]
[01:23:58] [ServerMain/INFO]: Loaded 1407 recipes
[01:23:58] [ServerMain/INFO]: Loaded 1520 advancements
[01:23:58] [ServerMain/INFO]: [ca.spottedleaf.dataconverter.minecraft.datatypes.MCTypeRegistry] Initialising converters for DataConverter...
[01:23:59] [ServerMain/INFO]: [ca.spottedleaf.dataconverter.minecraft.datatypes.MCTypeRegistry] Finished initialising converters for DataConverter in 777.3ms
[01:23:59] [Server thread/INFO]: Starting minecraft server version 1.21.8
[01:23:59] [Server thread/INFO]: Loading properties
[01:23:59] [Server thread/INFO]: This server is running Paper version 1.21.8-6-main@782ce95 (2025-07-18T20:26:58Z) (Implementing API version 1.21.8-R0.1-SNAPSHOT)
[01:23:59] [Server thread/INFO]: [spark] This server bundles the spark profiler. For more information please visit https://docs.papermc.io/paper/profiling
[01:23:59] [Server thread/INFO]: Server Ping Player Sample Count: 12
[01:23:59] [Server thread/INFO]: Using 4 threads for Netty based IO
[01:24:01] [Server thread/INFO]: [MoonriseCommon] Paper is using 1 worker threads, 1 I/O threads
[01:24:01] [Server thread/INFO]: [ChunkTaskScheduler] Chunk system is using population gen parallelism: true
[01:24:02] [Server thread/INFO]: Default game type: SURVIVAL
[01:24:02] [Server thread/INFO]: Generating keypair
[01:24:02] [Server thread/INFO]: Starting Minecraft server on *:25565
[01:24:02] [Server thread/INFO]: Using epoll channel type
[01:24:02] [Server thread/INFO]: Paper: Using libdeflate (Linux x86_64) compression from Velocity.
[01:24:02] [Server thread/INFO]: Paper: Using OpenSSL 3.x.x (Linux x86_64) cipher from Velocity.
[01:24:03] [Server thread/INFO]: [DayCounter] Loading server plugin DayCounter v2.1
[01:24:03] [Server thread/INFO]: [ViaVersion] Loading server plugin ViaVersion v5.5.2-SNAPSHOT
[01:24:03] [Server thread/INFO]: [ViaVersion] ViaVersion 5.5.2-SNAPSHOT is now loaded. Registering protocol transformers and injecting...
[01:24:04] [Via-Mappingloader-1/INFO]: [ViaVersion] Loading block connection mappings ...
[01:24:04] [Via-Mappingloader-1/INFO]: [ViaVersion] Using FastUtil Long2ObjectOpenHashMap for block connections
[01:24:05] [Server thread/INFO]: [OpenInv] Loading server plugin OpenInv v4.4.1
[01:24:05] [Server thread/INFO]: Server permissions file permissions.yml is empty, ignoring it
[01:24:05] [Server thread/WARN]: **** SERVER IS RUNNING IN OFFLINE/INSECURE MODE!
[01:24:05] [Server thread/WARN]: The server will make no attempt to authenticate usernames. Beware.
[01:24:05] [Server thread/WARN]: While this makes the game possible to play without internet access, it also opens up the ability for hackers to connect with any username they choose.
[01:24:05] [Server thread/WARN]: To change this, set "online-mode" to "true" in the server.properties file.
[01:24:05] [Server thread/INFO]: Preparing level "world"
[01:24:06] [Server thread/INFO]: Preparing start region for dimension minecraft:overworld
[01:24:06] [Server thread/INFO]: Preparing spawn area: 0%
[01:24:06] [Server thread/INFO]: Preparing spawn area: 0%
[01:24:09] [Server thread/INFO]: Preparing spawn area: 0%
[01:24:09] [Server thread/INFO]: Preparing spawn area: 0%
[01:24:09] [Server thread/INFO]: Preparing spawn area: 0%
[01:24:09] [Server thread/INFO]: Preparing spawn area: 0%
[01:24:09] [Server thread/INFO]: Preparing spawn area: 0%
[01:24:10] [Server thread/INFO]: Preparing spawn area: 0%
[01:24:10] [Server thread/INFO]: Preparing spawn area: 0%
[01:24:10] [Server thread/INFO]: Preparing spawn area: 11%
[01:24:11] [Server thread/INFO]: Time elapsed: 4892 ms
[01:24:11] [Server thread/INFO]: Preparing start region for dimension minecraft:the_nether
[01:24:11] [Server thread/INFO]: Preparing spawn area: 0%
[01:24:12] [Server thread/INFO]: Preparing spawn area: 9%
[01:24:12] [Server thread/INFO]: Preparing spawn area: 17%
[01:24:12] [Server thread/INFO]: Preparing spawn area: 17%
[01:24:13] [Server thread/INFO]: Preparing spawn area: 72%
[01:24:13] [Server thread/INFO]: Time elapsed: 2336 ms
[01:24:13] [Server thread/INFO]: Preparing start region for dimension minecraft:the_end
[01:24:13] [Server thread/INFO]: Preparing spawn area: 0%
[01:24:14] [Server thread/INFO]: Preparing spawn area: 27%
[01:24:14] [Server thread/INFO]: Time elapsed: 905 ms
[01:24:14] [Server thread/INFO]: [DayCounter] Enabling DayCounter v2.1
[01:24:14] [Server thread/INFO]: [ViaVersion] Enabling ViaVersion v5.5.2-SNAPSHOT
[01:24:14] [Server thread/INFO]: [ViaVersion] ViaVersion detected server version: 1.21.7-1.21.8 (772)
[01:24:14] [Server thread/INFO]: [OpenInv] Enabling OpenInv v4.4.1
[01:24:14] [Server thread/WARN]: [OpenInv] Your server version (craftbukkit) is not supported.
[01:24:14] [Server thread/WARN]: [OpenInv] Please download the correct version of OpenInv here: https://github.com/Jikoo/OpenInv/releases
[01:24:15] [Server thread/INFO]: [spark] Starting background profiler...
[01:24:16] [Server thread/INFO]: Done preparing level "world" (11.459s)
[01:24:16] [Server thread/INFO]: Running delayed init tasks
[01:24:16] [Server thread/INFO]: Done (34.688s)! For help, type "help"
[01:24:16] [Craft Scheduler Thread - 3 - ViaVersion/INFO]: [ViaVersion] Finished mapping loading, shutting down loader executor.
[01:24:17] [Server thread/INFO]: [ViaVersion] You are running a development version of the plugin, please report any bugs to GitHub.
